MariaDB [(none)]> shoq databases;
ERROR 1064 (42000): You have an error in your SQL syntax; check the manual that corresponds to your MariaDB server version for the right syntax to use near 'shoq databases' at line 1
MariaDB [(none)]> show databases;
+---------------------+
| Database            |
+---------------------+
| agenzia             |
| agenzia_immobiliare |
| arte                |
| azienda             |
| casermapompieri     |
| collezionemusicale  |
| dbospedale          |
| dbstudenti          |
| dbstudentiverifiche |
| elezioni            |
| es3                 |
| es7                 |
| flat_file           |
| information_schema  |
| mysql               |
| operazioni_bancarie |
| opere_arte          |
| orchestradb         |
| performance_schema  |
| phpmyadmin          |
| studentiverifiche   |
| test                |
| testdb1             |
| videoteca           |
+---------------------+
24 rows in set (0.001 sec)

MariaDB [(none)]> use mysql;
Database changed
MariaDB [mysql]> show table;
ERROR 1064 (42000): You have an error in your SQL syntax; check the manual that corresponds to your MariaDB server version for the right syntax to use near '' at line 1
MariaDB [mysql]> show tables;
+---------------------------+
| Tables_in_mysql           |
+---------------------------+
| column_stats              |
| columns_priv              |
| db                        |
| event                     |
| func                      |
| general_log               |
| global_priv               |
| gtid_slave_pos            |
| help_category             |
| help_keyword              |
| help_relation             |
| help_topic                |
| index_stats               |
| innodb_index_stats        |
| innodb_table_stats        |
| plugin                    |
| proc                      |
| procs_priv                |
| proxies_priv              |
| roles_mapping             |
| servers                   |
| slow_log                  |
| table_stats               |
| tables_priv               |
| time_zone                 |
| time_zone_leap_second     |
| time_zone_name            |
| time_zone_transition      |
| time_zone_transition_type |
| transaction_registry      |
| user                      |
+---------------------------+
31 rows in set (0.001 sec)

MariaDB [mysql]> select * from user /g;
ERROR 1064 (42000): You have an error in your SQL syntax; check the manual that corresponds to your MariaDB server version for the right syntax to use near '/g' at line 1
MariaDB [mysql]> select * from user \g;
+-----------+-----------+-------------------------------------------+-------------+-------------+-------------+-------------+-------------+-----------+-------------+---------------+--------------+-----------+------------+-----------------+------------+------------+--------------+------------+-----------------------+------------------+--------------+-----------------+------------------+------------------+----------------+---------------------+--------------------+------------------+------------+--------------+------------------------+---------------------+----------+------------+-------------+--------------+---------------+-------------+-----------------+----------------------+-----------------------+-------------------------------------------+------------------+---------+--------------+--------------------+
| Host      | User      | Password                                  | Select_priv | Insert_priv | Update_priv | Delete_priv | Create_priv | Drop_priv | Reload_priv | Shutdown_priv | Process_priv | File_priv | Grant_priv | References_priv | Index_priv | Alter_priv | Show_db_priv | Super_priv | Create_tmp_table_priv | Lock_tables_priv | Execute_priv | Repl_slave_priv | Repl_client_priv | Create_view_priv | Show_view_priv | Create_routine_priv | Alter_routine_priv | Create_user_priv | Event_priv | Trigger_priv | Create_tablespace_priv | Delete_history_priv | ssl_type | ssl_cipher | x509_issuer | x509_subject | max_questions | max_updates | max_connections | max_user_connections | plugin                | authentication_string                     | password_expired | is_role | default_role | max_statement_time |
+-----------+-----------+-------------------------------------------+-------------+-------------+-------------+-------------+-------------+-----------+-------------+---------------+--------------+-----------+------------+-----------------+------------+------------+--------------+------------+-----------------------+------------------+--------------+-----------------+------------------+------------------+----------------+---------------------+--------------------+------------------+------------+--------------+------------------------+---------------------+----------+------------+-------------+--------------+---------------+-------------+-----------------+----------------------+-----------------------+-------------------------------------------+------------------+---------+--------------+--------------------+
| localhost | root      |                                           | Y           | Y           | Y           | Y           | Y           | Y         | Y           | Y             | Y            | Y         | Y          | Y               | Y          | Y          | Y            | Y          | Y                     | Y                | Y            | Y               | Y                | Y                | Y              | Y                   | Y                  | Y                | Y          | Y            | Y                      | Y                   |          |            |             |              |             0 |           0 |               0 |                    0 |                       |                                           | N                | N       |              |           0.000000 |
| localhost | direttore | *57D36AA89475ECDD783BF22EBB39A913560EB3BB | N           | N           | N           | N           | N           | N         | N           | N             | N            | N         | N          | N               | N          | N          | N            | N          | N                     | N                | N            | N               | N                | N                | N              | N                   | N                  | N                | N          | N            | N                      | N                   |          |            |             |              |             0 |           0 |               0 |                    0 | mysql_native_password | *57D36AA89475ECDD783BF22EBB39A913560EB3BB | N                | N       |              |           0.000000 |
| 127.0.0.1 | root      |                                           | Y           | Y           | Y           | Y           | Y           | Y         | Y           | Y             | Y            | Y         | Y          | Y               | Y          | Y          | Y            | Y          | Y                     | Y                | Y            | Y               | Y                | Y                | Y              | Y                   | Y                  | Y                | Y          | Y            | Y                      | Y                   |          |            |             |              |             0 |           0 |               0 |                    0 |                       |                                           | N                | N       |              |           0.000000 |
| ::1       | root      |                                           | Y           | Y           | Y           | Y           | Y           | Y         | Y           | Y             | Y            | Y         | Y          | Y               | Y          | Y          | Y            | Y          | Y                     | Y                | Y            | Y               | Y                | Y                | Y              | Y                   | Y                  | Y                | Y          | Y            | Y                      | Y                   |          |            |             |              |             0 |           0 |               0 |                    0 |                       |                                           | N                | N       |              |           0.000000 |
| localhost | pma       |                                           | N           | N           | N           | N           | N           | N         | N           | N             | N            | N         | N          | N               | N          | N          | N            | N          | N                     | N                | N            | N               | N                | N                | N              | N                   | N                  | N                | N          | N            | N                      | N                   |          |            |             |              |             0 |           0 |               0 |                    0 | mysql_native_password |                                           | N                | N       |              |           0.000000 |
| localhost | operatore | *DE58ED2C1C93F35D54E4D800A4661C8DAC755031 | N           | N           | N           | N           | N           | N         | N           | N             | N            | N         | N          | N               | N          | N          | N            | N          | N                     | N                | N            | N               | N                | N                | N              | N                   | N                  | N                | N          | N            | N                      | N                   |          |            |             |              |             0 |           0 |               0 |                    0 | mysql_native_password | *DE58ED2C1C93F35D54E4D800A4661C8DAC755031 | N                | N       |              |           0.000000 |
+-----------+-----------+-------------------------------------------+-------------+-------------+-------------+-------------+-------------+-----------+-------------+---------------+--------------+-----------+------------+-----------------+------------+------------+--------------+------------+-----------------------+------------------+--------------+-----------------+------------------+------------------+----------------+---------------------+--------------------+------------------+------------+--------------+------------------------+---------------------+----------+------------+-------------+--------------+---------------+-------------+-----------------+----------------------+-----------------------+-------------------------------------------+------------------+---------+--------------+--------------------+
6 rows in set (0.037 sec)

ERROR: No query specified

MariaDB [mysql]> select * from user;
+-----------+-----------+-------------------------------------------+-------------+-------------+-------------+-------------+-------------+-----------+-------------+---------------+--------------+-----------+------------+-----------------+------------+------------+--------------+------------+-----------------------+------------------+--------------+-----------------+------------------+------------------+----------------+---------------------+--------------------+------------------+------------+--------------+------------------------+---------------------+----------+------------+-------------+--------------+---------------+-------------+-----------------+----------------------+-----------------------+-------------------------------------------+------------------+---------+--------------+--------------------+
| Host      | User      | Password                                  | Select_priv | Insert_priv | Update_priv | Delete_priv | Create_priv | Drop_priv | Reload_priv | Shutdown_priv | Process_priv | File_priv | Grant_priv | References_priv | Index_priv | Alter_priv | Show_db_priv | Super_priv | Create_tmp_table_priv | Lock_tables_priv | Execute_priv | Repl_slave_priv | Repl_client_priv | Create_view_priv | Show_view_priv | Create_routine_priv | Alter_routine_priv | Create_user_priv | Event_priv | Trigger_priv | Create_tablespace_priv | Delete_history_priv | ssl_type | ssl_cipher | x509_issuer | x509_subject | max_questions | max_updates | max_connections | max_user_connections | plugin                | authentication_string                     | password_expired | is_role | default_role | max_statement_time |
+-----------+-----------+-------------------------------------------+-------------+-------------+-------------+-------------+-------------+-----------+-------------+---------------+--------------+-----------+------------+-----------------+------------+------------+--------------+------------+-----------------------+------------------+--------------+-----------------+------------------+------------------+----------------+---------------------+--------------------+------------------+------------+--------------+------------------------+---------------------+----------+------------+-------------+--------------+---------------+-------------+-----------------+----------------------+-----------------------+-------------------------------------------+------------------+---------+--------------+--------------------+
| localhost | root      |                                           | Y           | Y           | Y           | Y           | Y           | Y         | Y           | Y             | Y            | Y         | Y          | Y               | Y          | Y          | Y            | Y          | Y                     | Y                | Y            | Y               | Y                | Y                | Y              | Y                   | Y                  | Y                | Y          | Y            | Y                      | Y                   |          |            |             |              |             0 |           0 |               0 |                    0 |                       |                                           | N                | N       |              |           0.000000 |
| localhost | direttore | *57D36AA89475ECDD783BF22EBB39A913560EB3BB | N           | N           | N           | N           | N           | N         | N           | N             | N            | N         | N          | N               | N          | N          | N            | N          | N                     | N                | N            | N               | N                | N                | N              | N                   | N                  | N                | N          | N            | N                      | N                   |          |            |             |              |             0 |           0 |               0 |                    0 | mysql_native_password | *57D36AA89475ECDD783BF22EBB39A913560EB3BB | N                | N       |              |           0.000000 |
| 127.0.0.1 | root      |                                           | Y           | Y           | Y           | Y           | Y           | Y         | Y           | Y             | Y            | Y         | Y          | Y               | Y          | Y          | Y            | Y          | Y                     | Y                | Y            | Y               | Y                | Y                | Y              | Y                   | Y                  | Y                | Y          | Y            | Y                      | Y                   |          |            |             |              |             0 |           0 |               0 |                    0 |                       |                                           | N                | N       |              |           0.000000 |
| ::1       | root      |                                           | Y           | Y           | Y           | Y           | Y           | Y         | Y           | Y             | Y            | Y         | Y          | Y               | Y          | Y          | Y            | Y          | Y                     | Y                | Y            | Y               | Y                | Y                | Y              | Y                   | Y                  | Y                | Y          | Y            | Y                      | Y                   |          |            |             |              |             0 |           0 |               0 |                    0 |                       |                                           | N                | N       |              |           0.000000 |
| localhost | pma       |                                           | N           | N           | N           | N           | N           | N         | N           | N             | N            | N         | N          | N               | N          | N          | N            | N          | N                     | N                | N            | N               | N                | N                | N              | N                   | N                  | N                | N          | N            | N                      | N                   |          |            |             |              |             0 |           0 |               0 |                    0 | mysql_native_password |                                           | N                | N       |              |           0.000000 |
| localhost | operatore | *DE58ED2C1C93F35D54E4D800A4661C8DAC755031 | N           | N           | N           | N           | N           | N         | N           | N             | N            | N         | N          | N               | N          | N          | N            | N          | N                     | N                | N            | N               | N                | N                | N              | N                   | N                  | N                | N          | N            | N                      | N                   |          |            |             |              |             0 |           0 |               0 |                    0 | mysql_native_password | *DE58ED2C1C93F35D54E4D800A4661C8DAC755031 | N                | N       |              |           0.000000 |
+-----------+-----------+-------------------------------------------+-------------+-------------+-------------+-------------+-------------+-----------+-------------+---------------+--------------+-----------+------------+-----------------+------------+------------+--------------+------------+-----------------------+------------------+--------------+-----------------+------------------+------------------+----------------+---------------------+--------------------+------------------+------------+--------------+------------------------+---------------------+----------+------------+-------------+--------------+---------------+-------------+-----------------+----------------------+-----------------------+-------------------------------------------+------------------+---------+--------------+--------------------+
6 rows in set (0.001 sec)

MariaDB [mysql]> select * from user \g;
+-----------+-----------+-------------------------------------------+-------------+-------------+-------------+-------------+-------------+-----------+-------------+---------------+--------------+-----------+------------+-----------------+------------+------------+--------------+------------+-----------------------+------------------+--------------+-----------------+------------------+------------------+----------------+---------------------+--------------------+------------------+------------+--------------+------------------------+---------------------+----------+------------+-------------+--------------+---------------+-------------+-----------------+----------------------+-----------------------+-------------------------------------------+------------------+---------+--------------+--------------------+
| Host      | User      | Password                                  | Select_priv | Insert_priv | Update_priv | Delete_priv | Create_priv | Drop_priv | Reload_priv | Shutdown_priv | Process_priv | File_priv | Grant_priv | References_priv | Index_priv | Alter_priv | Show_db_priv | Super_priv | Create_tmp_table_priv | Lock_tables_priv | Execute_priv | Repl_slave_priv | Repl_client_priv | Create_view_priv | Show_view_priv | Create_routine_priv | Alter_routine_priv | Create_user_priv | Event_priv | Trigger_priv | Create_tablespace_priv | Delete_history_priv | ssl_type | ssl_cipher | x509_issuer | x509_subject | max_questions | max_updates | max_connections | max_user_connections | plugin                | authentication_string                     | password_expired | is_role | default_role | max_statement_time |
+-----------+-----------+-------------------------------------------+-------------+-------------+-------------+-------------+-------------+-----------+-------------+---------------+--------------+-----------+------------+-----------------+------------+------------+--------------+------------+-----------------------+------------------+--------------+-----------------+------------------+------------------+----------------+---------------------+--------------------+------------------+------------+--------------+------------------------+---------------------+----------+------------+-------------+--------------+---------------+-------------+-----------------+----------------------+-----------------------+-------------------------------------------+------------------+---------+--------------+--------------------+
| localhost | root      |                                           | Y           | Y           | Y           | Y           | Y           | Y         | Y           | Y             | Y            | Y         | Y          | Y               | Y          | Y          | Y            | Y          | Y                     | Y                | Y            | Y               | Y                | Y                | Y              | Y                   | Y                  | Y                | Y          | Y            | Y                      | Y                   |          |            |             |              |             0 |           0 |               0 |                    0 |                       |                                           | N                | N       |              |           0.000000 |
| localhost | direttore | *57D36AA89475ECDD783BF22EBB39A913560EB3BB | N           | N           | N           | N           | N           | N         | N           | N             | N            | N         | N          | N               | N          | N          | N            | N          | N                     | N                | N            | N               | N                | N                | N              | N                   | N                  | N                | N          | N            | N                      | N                   |          |            |             |              |             0 |           0 |               0 |                    0 | mysql_native_password | *57D36AA89475ECDD783BF22EBB39A913560EB3BB | N                | N       |              |           0.000000 |
| 127.0.0.1 | root      |                                           | Y           | Y           | Y           | Y           | Y           | Y         | Y           | Y             | Y            | Y         | Y          | Y               | Y          | Y          | Y            | Y          | Y                     | Y                | Y            | Y               | Y                | Y                | Y              | Y                   | Y                  | Y                | Y          | Y            | Y                      | Y                   |          |            |             |              |             0 |           0 |               0 |                    0 |                       |                                           | N                | N       |              |           0.000000 |
| ::1       | root      |                                           | Y           | Y           | Y           | Y           | Y           | Y         | Y           | Y             | Y            | Y         | Y          | Y               | Y          | Y          | Y            | Y          | Y                     | Y                | Y            | Y               | Y                | Y                | Y              | Y                   | Y                  | Y                | Y          | Y            | Y                      | Y                   |          |            |             |              |             0 |           0 |               0 |                    0 |                       |                                           | N                | N       |              |           0.000000 |
| localhost | pma       |                                           | N           | N           | N           | N           | N           | N         | N           | N             | N            | N         | N          | N               | N          | N          | N            | N          | N                     | N                | N            | N               | N                | N                | N              | N                   | N                  | N                | N          | N            | N                      | N                   |          |            |             |              |             0 |           0 |               0 |                    0 | mysql_native_password |                                           | N                | N       |              |           0.000000 |
| localhost | operatore | *DE58ED2C1C93F35D54E4D800A4661C8DAC755031 | N           | N           | N           | N           | N           | N         | N           | N             | N            | N         | N          | N               | N          | N          | N            | N          | N                     | N                | N            | N               | N                | N                | N              | N                   | N                  | N                | N          | N            | N                      | N                   |          |            |             |              |             0 |           0 |               0 |                    0 | mysql_native_password | *DE58ED2C1C93F35D54E4D800A4661C8DAC755031 | N                | N       |              |           0.000000 |
+-----------+-----------+-------------------------------------------+-------------+-------------+-------------+-------------+-------------+-----------+-------------+---------------+--------------+-----------+------------+-----------------+------------+------------+--------------+------------+-----------------------+------------------+--------------+-----------------+------------------+------------------+----------------+---------------------+--------------------+------------------+------------+--------------+------------------------+---------------------+----------+------------+-------------+--------------+---------------+-------------+-----------------+----------------------+-----------------------+-------------------------------------------+------------------+---------+--------------+--------------------+
6 rows in set (0.001 sec)

ERROR: No query specified

MariaDB [mysql]> select user,host,password from user \g;
+-----------+-----------+-------------------------------------------+
| User      | Host      | Password                                  |
+-----------+-----------+-------------------------------------------+
| root      | localhost |                                           |
| direttore | localhost | *57D36AA89475ECDD783BF22EBB39A913560EB3BB |
| root      | 127.0.0.1 |                                           |
| root      | ::1       |                                           |
| pma       | localhost |                                           |
| operatore | localhost | *DE58ED2C1C93F35D54E4D800A4661C8DAC755031 |
+-----------+-----------+-------------------------------------------+
6 rows in set (0.001 sec)

ERROR: No query specified

MariaDB [mysql]> describe user;
+------------------------+---------------------+------+-----+----------+-------+
| Field                  | Type                | Null | Key | Default  | Extra |
+------------------------+---------------------+------+-----+----------+-------+
| Host                   | char(60)            | NO   |     |          |       |
| User                   | char(80)            | NO   |     |          |       |
| Password               | longtext            | YES  |     | NULL     |       |
| Select_priv            | varchar(1)          | YES  |     | NULL     |       |
| Insert_priv            | varchar(1)          | YES  |     | NULL     |       |
| Update_priv            | varchar(1)          | YES  |     | NULL     |       |
| Delete_priv            | varchar(1)          | YES  |     | NULL     |       |
| Create_priv            | varchar(1)          | YES  |     | NULL     |       |
| Drop_priv              | varchar(1)          | YES  |     | NULL     |       |
| Reload_priv            | varchar(1)          | YES  |     | NULL     |       |
| Shutdown_priv          | varchar(1)          | YES  |     | NULL     |       |
| Process_priv           | varchar(1)          | YES  |     | NULL     |       |
| File_priv              | varchar(1)          | YES  |     | NULL     |       |
| Grant_priv             | varchar(1)          | YES  |     | NULL     |       |
| References_priv        | varchar(1)          | YES  |     | NULL     |       |
| Index_priv             | varchar(1)          | YES  |     | NULL     |       |
| Alter_priv             | varchar(1)          | YES  |     | NULL     |       |
| Show_db_priv           | varchar(1)          | YES  |     | NULL     |       |
| Super_priv             | varchar(1)          | YES  |     | NULL     |       |
| Create_tmp_table_priv  | varchar(1)          | YES  |     | NULL     |       |
| Lock_tables_priv       | varchar(1)          | YES  |     | NULL     |       |
| Execute_priv           | varchar(1)          | YES  |     | NULL     |       |
| Repl_slave_priv        | varchar(1)          | YES  |     | NULL     |       |
| Repl_client_priv       | varchar(1)          | YES  |     | NULL     |       |
| Create_view_priv       | varchar(1)          | YES  |     | NULL     |       |
| Show_view_priv         | varchar(1)          | YES  |     | NULL     |       |
| Create_routine_priv    | varchar(1)          | YES  |     | NULL     |       |
| Alter_routine_priv     | varchar(1)          | YES  |     | NULL     |       |
| Create_user_priv       | varchar(1)          | YES  |     | NULL     |       |
| Event_priv             | varchar(1)          | YES  |     | NULL     |       |
| Trigger_priv           | varchar(1)          | YES  |     | NULL     |       |
| Create_tablespace_priv | varchar(1)          | YES  |     | NULL     |       |
| Delete_history_priv    | varchar(1)          | YES  |     | NULL     |       |
| ssl_type               | varchar(9)          | YES  |     | NULL     |       |
| ssl_cipher             | longtext            | NO   |     |          |       |
| x509_issuer            | longtext            | NO   |     |          |       |
| x509_subject           | longtext            | NO   |     |          |       |
| max_questions          | bigint(20) unsigned | NO   |     | 0        |       |
| max_updates            | bigint(20) unsigned | NO   |     | 0        |       |
| max_connections        | bigint(20) unsigned | NO   |     | 0        |       |
| max_user_connections   | bigint(21)          | NO   |     | 0        |       |
| plugin                 | longtext            | NO   |     |          |       |
| authentication_string  | longtext            | NO   |     |          |       |
| password_expired       | varchar(1)          | NO   |     |          |       |
| is_role                | varchar(1)          | YES  |     | NULL     |       |
| default_role           | longtext            | NO   |     |          |       |
| max_statement_time     | decimal(12,6)       | NO   |     | 0.000000 |       |
+------------------------+---------------------+------+-----+----------+-------+
47 rows in set (0.024 sec)

MariaDB [mysql]> \t
